// Jest Snapshot v1, https://goo.gl/fbAQLP

exports[`basic snapshot 1`] = `
<div>
  <div
    className="CheckoutActions__Action-sc-1vcmlmt-0 dChPPe"
  >
    CheckoutAction({"activeLabel":"mock active action one","activeStepElement":"[Object]","completeLabel":"mock complete action one","completeStepElement":"[Object]","incompleteLabel":"mock inactive action one","incompleteStepElement":"[Object]","status":"active","stepNumber":1})
  </div>
</div>
`;
