// Jest Snapshot v1, https://goo.gl/fbAQLP

exports[`basic snapshot 1`] = `
<div
  className="InPageMenu__InPageMenuContainer-mhdtuv-0 hcPDry"
>
  InPageMenuItem({"href":"/label/a","label":"Label A"})
  InPageMenuItem({"href":"/label/b","label":"Label B"})
  InPageMenuItem({"href":"/label/c","isSelected":true,"label":"Label C (Selected / Active)"})
  InPageMenuItem({"href":"/label/d","label":"Label D"})
  InPageMenuItem({"href":"/label/e","label":"Label E"})
</div>
`;
